
> temp-app@0.0.0 build
> vite build

[36mvite v8.0.3 [32mbuilding client environment for production...[36m[39m
[2K
transforming...Ô£ô 155 modules transformed.
node.exe : [31mÔ£ù[39m Build failed in 752ms
En línea: 1 Carácter: 1
+ & "C:\Program Files\nodejs/node.exe" "C:\Program 
Files\nodejs/node_mo ...
+ ~~~~~~~~~~~~~~~~~~~~~~~~~~~~~~~~~~~~~~~~~~~~~~~~~~~~~~
~~~~~~~~~~~~~~~
    + CategoryInfo          : NotSpecified: ([31mÔ£ù[ 
   39m Build failed in 752ms:String) [], RemoteExcepti  
  on
    + FullyQualifiedErrorId : NativeCommandError
 
[31merror during build:
[31mBuild failed with 2 errors:

[31m[builtin:vite-transform] Error:[0m Invalid 
Unicode escape sequence
     
[38;5;246mÔò¡[0m[38;5;246mÔöÇ[0m[38;5;246m[[0m 
src/pages/dashboard/VerificacionMatriz.jsx:226:42 
[38;5;246m][0m
     [38;5;246mÔöé[0m
 [38;5;246m226 Ôöé[0m [38;5;249m [0m[38;5;249m 
[0m[38;5;249m [0m[38;5;249m 
[0m[38;5;249mi[0m[38;5;249mf[0m[38;5;249m [0m[38
;5;249m([0m[38;5;249mi[0m[38;5;249ms[0m[38;5;249mC
[0m[38;5;249mr[0m[38;5;249mi[0m[38;5;249ms[0m[38
;5;249mi[0m[38;5;249ms[0m[38;5;249m)[0m[38;5;249m 
[0m[38;5;249m{[0m[38;5;249m [0m[38;5;249ms[0m[38
;5;249mt[0m[38;5;249ma[0m[38;5;249mr[0m[38;5;249mt
[0m[38;5;249mA[0m[38;5;249ml[0m[38;5;249ma[0m[38
;5;249mr[0m[38;5;249mm[0m[38;5;249m([0m[38;5;249m)
[0m[38;5;249m;[0m[38;5;249m [0m[38;5;249ma[0m[38
;5;249ml[0m[38;5;249me[0m[38;5;249mr[0m[38;5;249mt
[0m[38;5;249m([0m[38;5;249m\[0m"[38;5;249m┬í[0m[
38;5;249mA[0m[38;5;249mL[0m[38;5;249mE[0m[38;5;249
mR[0m[38;5;249mT[0m[38;5;249mA[0m[38;5;249m [0m[
38;5;249mT[0m[38;5;249m├ë[0m[38;5;249mR[0m[38;5;24
9mM[0m[38;5;249mI[0m[38;5;249mC[0m[38;5;249mA[0m
[38;5;249m [0m[38;5;249mD[0m[38;5;249mE[0m[38;5;24
9mT[0m[38;5;249mE[0m[38;5;249mC[0m[38;5;249mT[0m
[38;5;249mA[0m[38;5;249mD[0m[38;5;249mA[0m[38;5;24
9m![0m[38;5;249m\[0m[38;5;249m"[0m[38;5;249m)[0m
[38;5;249m;[0m[38;5;249m [0m[38;5;249m}[0m
 [38;5;240m    Ôöé[0m                                 
         Ôö¼  
 [38;5;240m    Ôöé[0m                                 
         Ôò░ÔöÇÔöÇ 
[38;5;246mÔöÇÔöÇÔöÇÔöÇÔöÇÔò»[0m

[31m[builtin:vite-transform] Error:[0m Invalid 
Character `┬í`
     
[38;5;246mÔò¡[0m[38;5;246mÔöÇ[0m[38;5;246m[[0m 
src/pages/dashboard/VerificacionMatriz.jsx:226:43 
[38;5;246m][0m
     [38;5;246mÔöé[0m
 [38;5;246m226 Ôöé[0m [38;5;249m [0m[38;5;249m 
[0m[38;5;249m [0m[38;5;249m 
[0m[38;5;249mi[0m[38;5;249mf[0m[38;5;249m [0m[38
;5;249m([0m[38;5;249mi[0m[38;5;249ms[0m[38;5;249mC
[0m[38;5;249mr[0m[38;5;249mi[0m[38;5;249ms[0m[38
;5;249mi[0m[38;5;249ms[0m[38;5;249m)[0m[38;5;249m 
[0m[38;5;249m{[0m[38;5;249m [0m[38;5;249ms[0m[38
;5;249mt[0m[38;5;249ma[0m[38;5;249mr[0m[38;5;249mt
[0m[38;5;249mA[0m[38;5;249ml[0m[38;5;249ma[0m[38
;5;249mr[0m[38;5;249mm[0m[38;5;249m([0m[38;5;249m)
[0m[38;5;249m;[0m[38;5;249m [0m[38;5;249ma[0m[38
;5;249ml[0m[38;5;249me[0m[38;5;249mr[0m[38;5;249mt
[0m[38;5;249m([0m[38;5;249m\[0m[38;5;249m"[0m┬í[
38;5;249mA[0m[38;5;249mL[0m[38;5;249mE[0m[38;5;249
mR[0m[38;5;249mT[0m[38;5;249mA[0m[38;5;249m [0m[
38;5;249mT[0m[38;5;249m├ë[0m[38;5;249mR[0m[38;5;24
9mM[0m[38;5;249mI[0m[38;5;249mC[0m[38;5;249mA[0m
[38;5;249m [0m[38;5;249mD[0m[38;5;249mE[0m[38;5;24
9mT[0m[38;5;249mE[0m[38;5;249mC[0m[38;5;249mT[0m
[38;5;249mA[0m[38;5;249mD[0m[38;5;249mA[0m[38;5;24
9m![0m[38;5;249m\[0m[38;5;249m"[0m[38;5;249m)[0m
[38;5;249m;[0m[38;5;249m [0m[38;5;249m}[0m
 [38;5;240m    Ôöé[0m                                 
          Ôö¼  
 [38;5;240m    Ôöé[0m                                 
          Ôò░ÔöÇÔöÇ 
[38;5;246mÔöÇÔöÇÔöÇÔöÇÔöÇÔò»[0m
[31m
    at aggregateBindingErrorsIntoJsError (file:///C:/Use
rs/X1%20Carbon/.gemini/antigravity/scratch/plataforma-so
lcan/node_modules/rolldown/dist/shared/error-BLhcSyeg.mj
s:48:18)
    at unwrapBindingResult (file:///C:/Users/X1%20Carbon
/.gemini/antigravity/scratch/plataforma-solcan/node_modu
les/rolldown/dist/shared/error-BLhcSyeg.mjs:18:128)
    at #build (file:///C:/Users/X1%20Carbon/.gemini/anti
gravity/scratch/plataforma-solcan/node_modules/rolldown/
dist/shared/rolldown-build-CPrIX9V6.mjs:3313:34)
    at async buildEnvironment (file:///C:/Users/X1%20Car
bon/.gemini/antigravity/scratch/plataforma-solcan/node_m
odules/vite/dist/node/chunks/node.js:32849:64)
    at async Object.build (file:///C:/Users/X1%20Carbon/
.gemini/antigravity/scratch/plataforma-solcan/node_modul
es/vite/dist/node/chunks/node.js:33271:19)
    at async Object.buildApp (file:///C:/Users/X1%20Carb
on/.gemini/antigravity/scratch/plataforma-solcan/node_mo
dules/vite/dist/node/chunks/node.js:33268:153)
    at async CAC.<anonymous> (file:///C:/Users/X1%20Carb
on/.gemini/antigravity/scratch/plataforma-solcan/node_mo
dules/vite/dist/node/cli.js:778:3) {
  errors: [Getter/Setter]
}[39m
